
> tasks@0.1.0 test
> react-scripts test

Browserslist: caniuse-lite is outdated. Please run:
  npx browserslist@latest --update-db
  Why you should do it regularly: https://github.com/browserslist/browserslist#browsers-data-updating
FAIL src/quizzer/Quizzer.test.tsx
  ● Test suite failed to run

    Your test suite must contain at least one test.

      at onResult (node_modules/@jest/core/build/TestScheduler.js:175:18)
      at node_modules/@jest/core/build/TestScheduler.js:316:17
      at node_modules/emittery/index.js:260:13
          at Array.map (<anonymous>)
      at Emittery.emit (node_modules/emittery/index.js:258:23)

PASS src/App.test.tsx
-------------------|---------|----------|---------|---------|-------------------
File               | % Stmts | % Branch | % Funcs | % Lines | Uncovered Line #s 
-------------------|---------|----------|---------|---------|-------------------
All files          |   22.29 |    15.51 |   13.69 |   23.23 |                   
 src               |   66.66 |       50 |      50 |   66.66 |                   
  App.tsx          |   66.66 |       50 |      50 |   66.66 | 16                
 src/interfaces    |       0 |        0 |       0 |       0 |                   
  question.ts      |       0 |        0 |       0 |       0 |                   
  quiz.ts          |       0 |        0 |       0 |       0 |                   
 src/quizzer       |   21.37 |    12.96 |   12.67 |    22.3 |                   
  AddQuizModal.tsx |   35.71 |      100 |      20 |   35.71 | 19-22,38-57       
  QuestionEdit.tsx |    3.33 |        0 |       0 |    3.33 | 24-249            
  QuizCard.tsx     |      80 |       80 |   66.66 |      80 | 26                
  QuizEdit.tsx     |     3.7 |        0 |       0 |       4 | 24-163            
  QuizExpanded.tsx |    3.84 |        0 |       0 |       4 | 22-98             
  QuizList.tsx     |   72.72 |       75 |      60 |   72.72 | 24,28,49          
  QuizQuestion.tsx |      10 |        0 |       0 |      10 | 25-64             
  QuizView.tsx     |      20 |        0 |       0 |      20 | 21-27             
  Quizzer.tsx      |   52.94 |        0 |      30 |   64.28 | 28-39             
-------------------|---------|----------|---------|---------|-------------------

Test Suites: 1 failed, 1 passed, 2 total
Tests:       1 passed, 1 total
Snapshots:   0 total
Time:        3.255 s
Ran all test suites.
